// 重构日志: 8c4d1982
// 重构日志: d664c1f2
// 重构日志: 7111ef07
// 重构日志: 1330abaa
// 重构日志: 71fda429
// 同步 ID: 6346a08c @ Wed Jul 29 11:19:22 UTC 2026
// 重构日志: 03470340
// 重构日志: 16126d38
// 同步 ID: b18982c8 @ Fri Jul 31 00:19:51 UTC 2026
// 同步 ID: a97c61f9 @ Fri Jul 31 11:02:42 UTC 2026
// 重构日志: 6f0611c7
// 重构日志: d44f91e8
// 同步 ID: 7bed2664 @ Sun Aug  2 12:13:00 UTC 2026
// 重构日志: c6a3a27d
// 同步 ID: 5fe91d34 @ Mon Aug  3 15:59:14 UTC 2026
// 重构日志: 38b4f8ee
// 重构日志: 4d615208
// 同步 ID: 7e0dd27f @ Wed Aug  5 18:22:40 UTC 2026
// 重构日志: dbd33809
// 重构日志: 532c0b1f
// 同步 ID: 735ac7ed @ Fri Aug  7 07:53:28 UTC 2026
// 重构日志: fd499634
// 同步 ID: 69faed0f @ Fri Aug  7 14:12:48 UTC 2026
// 重构日志: dac45ab1
// 重构日志: 5e5da71c
// 同步 ID: 88816956 @ Fri Aug  7 19:45:26 UTC 2026
// 重构日志: b370f326
// 重构日志: 4f740046
// 同步 ID: 42e7fa0c @ Sat Aug  8 08:31:33 UTC 2026
// 同步 ID: 64af1352 @ Sat Aug  8 10:01:11 UTC 2026
// 重构日志: 22476978
